// Jest Snapshot v1, https://goo.gl/fbAQLP

exports[`<Card /> should render correct empty img 1`] = `
<div
  class="sc-bdfBwQ kpFlCc"
>
  <div
    class="sc-gsTCUz eptAzo"
  >
    <div
      class="sc-dlfnbm dSCSBh"
    >
      <p>
        app go barber
      </p>
    </div>
    <div
      class="sc-hKgILt jbBhkH"
    >
      <p>
        1
      </p>
      <img
        alt="full star"
        class="sc-eCssSg bTrOV"
        src="full_star.png"
      />
    </div>
  </div>
  <div
    class="sc-jSgupP cXdENn"
  >
    <ul>
      <li
        class="sc-gKsewC gIrsof"
      >
        <h1
          class="sc-iBPRYJ fgpkrE"
        >
          Clone repo:
        </h1>
        <p
          class="sc-fubCfw eulNsP"
        >
          https://github.com/mayconbalves/app-go-barber.git
        </p>
      </li>
      <li
        class="sc-gKsewC gIrsof"
      >
        <h1
          class="sc-iBPRYJ fgpkrE"
        >
          License type:
        </h1>
        <p
          class="sc-fubCfw eulNsP"
        >
          None
        </p>
      </li>
    </ul>
  </div>
</div>
`;

exports[`<Card /> should render first title 1`] = `
<div
  class="sc-bdfBwQ kpFlCc"
>
  <div
    class="sc-gsTCUz eptAzo"
  >
    <div
      class="sc-dlfnbm dSCSBh"
    >
      <p>
        app go barber
      </p>
    </div>
    <div
      class="sc-hKgILt jbBhkH"
    >
      <p>
        1
      </p>
      <img
        alt="full star"
        class="sc-eCssSg bTrOV"
        src="full_star.png"
      />
    </div>
  </div>
  <div
    class="sc-jSgupP cXdENn"
  >
    <ul>
      <li
        class="sc-gKsewC gIrsof"
      >
        <h1
          class="sc-iBPRYJ fgpkrE"
        >
          Clone repo:
        </h1>
        <p
          class="sc-fubCfw eulNsP"
        >
          https://github.com/mayconbalves/app-go-barber.git
        </p>
      </li>
      <li
        class="sc-gKsewC gIrsof"
      >
        <h1
          class="sc-iBPRYJ fgpkrE"
        >
          License type:
        </h1>
        <p
          class="sc-fubCfw eulNsP"
        >
          None
        </p>
      </li>
    </ul>
  </div>
</div>
`;

exports[`<Card /> should render subtitle 1`] = `
<div
  class="sc-bdfBwQ kpFlCc"
>
  <div
    class="sc-gsTCUz eptAzo"
  >
    <div
      class="sc-dlfnbm dSCSBh"
    >
      <p>
        app go barber
      </p>
    </div>
    <div
      class="sc-hKgILt jbBhkH"
    >
      <p>
        1
      </p>
      <img
        alt="full star"
        class="sc-eCssSg bTrOV"
        src="full_star.png"
      />
    </div>
  </div>
  <div
    class="sc-jSgupP cXdENn"
  >
    <ul>
      <li
        class="sc-gKsewC gIrsof"
      >
        <h1
          class="sc-iBPRYJ fgpkrE"
        >
          Clone repo:
        </h1>
        <p
          class="sc-fubCfw eulNsP"
        >
          https://github.com/mayconbalves/app-go-barber.git
        </p>
      </li>
      <li
        class="sc-gKsewC gIrsof"
      >
        <h1
          class="sc-iBPRYJ fgpkrE"
        >
          License type:
        </h1>
        <p
          class="sc-fubCfw eulNsP"
        >
          None
        </p>
      </li>
    </ul>
  </div>
</div>
`;
