// Jest Snapshot v1, https://goo.gl/fbAQLP

exports[`<Card /> should render first title 1`] = `
<div
  class="sc-bczRLJ boaqlq"
>
  <div
    class="sc-gsnTZi cFsllk"
  >
    <div
      class="sc-dkzDqf kOfCRZ"
    >
      <p>
        app go barber
      </p>
    </div>
    <div
      class="sc-hKMtZM jsAREC"
    >
      <p>
        1
      </p>
      <img
        alt="full star"
        class="sc-eCYdqJ kqdWNC"
        src="full_star.png"
      />
    </div>
  </div>
  <div
    class="sc-jSMfEi ydOJn"
  >
    <ul>
      <li
        class="sc-gKXOVf yugzP"
      >
        <h1
          class="sc-iBkjds eRPyFe"
        >
          Clone repo:
        </h1>
        <p
          class="sc-ftvSup dOkZEn"
        >
          https://github.com/mayconbalves/app-go-barber.git
        </p>
      </li>
      <li
        class="sc-gKXOVf yugzP"
      >
        <h1
          class="sc-iBkjds eRPyFe"
        >
          License type:
        </h1>
        <p
          class="sc-ftvSup dOkZEn"
        >
          MIT license
        </p>
      </li>
    </ul>
  </div>
</div>
`;

exports[`<Card /> should render subtitle 1`] = `
<div
  class="sc-bczRLJ boaqlq"
>
  <div
    class="sc-gsnTZi cFsllk"
  >
    <div
      class="sc-dkzDqf kOfCRZ"
    >
      <p>
        app go barber
      </p>
    </div>
    <div
      class="sc-hKMtZM jsAREC"
    >
      <p>
        1
      </p>
      <img
        alt="full star"
        class="sc-eCYdqJ kqdWNC"
        src="full_star.png"
      />
    </div>
  </div>
  <div
    class="sc-jSMfEi ydOJn"
  >
    <ul>
      <li
        class="sc-gKXOVf yugzP"
      >
        <h1
          class="sc-iBkjds eRPyFe"
        >
          Clone repo:
        </h1>
        <p
          class="sc-ftvSup dOkZEn"
        >
          https://github.com/mayconbalves/app-go-barber.git
        </p>
      </li>
      <li
        class="sc-gKXOVf yugzP"
      >
        <h1
          class="sc-iBkjds eRPyFe"
        >
          License type:
        </h1>
        <p
          class="sc-ftvSup dOkZEn"
        >
          MIT license
        </p>
      </li>
    </ul>
  </div>
</div>
`;
