// Jest Snapshot v1, https://goo.gl/fbAQLP

exports[`<Feedback /> should render message 1`] = `
<div
  class="sc-bczRLJ hBXA-DS"
>
  <div
    class="sc-gsnTZi iFAjSo"
  >
    <img
      alt="Not Found"
      class="sc-hKMtZM jFNCiu"
      src="not_found.png"
    />
    <h1
      class="sc-dkzDqf kFxjqL"
    >
      Not Found
    </h1>
  </div>
</div>
`;
